%!Adobe-FontList 1.11
%Locale:0x41e

%BeginFont
Handler:DirectoryHandler
FontType:Invalid
OutlineFileName:C:\AppServ\www\cctvproj\Font\angsa.php
FileModTime:1288756628
%EndFont

%BeginFont
Handler:DirectoryHandler
FontType:Invalid
OutlineFileName:C:\AppServ\www\cctvproj\Font\angsa.z
FileModTime:1288756617
%EndFont

%BeginFont
Handler:DirectoryHandler
FontType:Invalid
OutlineFileName:C:\AppServ\www\cctvproj\Font\angsab.php
FileModTime:1288756637
%EndFont

%BeginFont
Handler:DirectoryHandler
FontType:Invalid
OutlineFileName:C:\AppServ\www\cctvproj\Font\angsab.z
FileModTime:1288756635
%EndFont

%BeginFont
Handler:DirectoryHandler
FontType:Invalid
OutlineFileName:C:\AppServ\www\cctvproj\Font\angsai.php
FileModTime:1288756645
%EndFont

%BeginFont
Handler:DirectoryHandler
FontType:Invalid
OutlineFileName:C:\AppServ\www\cctvproj\Font\angsai.z
FileModTime:1288756621
%EndFont

%BeginFont
Handler:DirectoryHandler
FontType:Invalid
OutlineFileName:C:\AppServ\www\cctvproj\Font\angsaz.php
FileModTime:1288756637
%EndFont

%BeginFont
Handler:DirectoryHandler
FontType:Invalid
OutlineFileName:C:\AppServ\www\cctvproj\Font\angsaz.z
FileModTime:1288756629
%EndFont

%BeginFont
Handler:DirectoryHandler
FontType:Invalid
OutlineFileName:C:\AppServ\www\cctvproj\Font\browa.php
FileModTime:1288756645
%EndFont

%BeginFont
Handler:DirectoryHandler
FontType:Invalid
OutlineFileName:C:\AppServ\www\cctvproj\Font\browa.z
FileModTime:1288756636
%EndFont

%BeginFont
Handler:DirectoryHandler
FontType:Invalid
OutlineFileName:C:\AppServ\www\cctvproj\Font\browab.php
FileModTime:1288756631
%EndFont

%BeginFont
Handler:DirectoryHandler
FontType:Invalid
OutlineFileName:C:\AppServ\www\cctvproj\Font\browab.z
FileModTime:1288756632
%EndFont

%BeginFont
Handler:DirectoryHandler
FontType:Invalid
OutlineFileName:C:\AppServ\www\cctvproj\Font\browai.php
FileModTime:1288756618
%EndFont

%BeginFont
Handler:DirectoryHandler
FontType:Invalid
OutlineFileName:C:\AppServ\www\cctvproj\Font\browai.z
FileModTime:1288756637
%EndFont

%BeginFont
Handler:DirectoryHandler
FontType:Invalid
OutlineFileName:C:\AppServ\www\cctvproj\Font\browaz.php
FileModTime:1288756620
%EndFont

%BeginFont
Handler:DirectoryHandler
FontType:Invalid
OutlineFileName:C:\AppServ\www\cctvproj\Font\browaz.z
FileModTime:1288756642
%EndFont

%BeginFont
Handler:DirectoryHandler
FontType:Invalid
OutlineFileName:C:\AppServ\www\cctvproj\Font\cordia.php
FileModTime:1288756640
%EndFont

%BeginFont
Handler:DirectoryHandler
FontType:Invalid
OutlineFileName:C:\AppServ\www\cctvproj\Font\cordia.z
FileModTime:1288756617
%EndFont

%BeginFont
Handler:DirectoryHandler
FontType:Invalid
OutlineFileName:C:\AppServ\www\cctvproj\Font\cordiab.php
FileModTime:1288756620
%EndFont

%BeginFont
Handler:DirectoryHandler
FontType:Invalid
OutlineFileName:C:\AppServ\www\cctvproj\Font\cordiab.z
FileModTime:1288756639
%EndFont

%BeginFont
Handler:DirectoryHandler
FontType:Invalid
OutlineFileName:C:\AppServ\www\cctvproj\Font\cordiai.php
FileModTime:1288756629
%EndFont

%BeginFont
Handler:DirectoryHandler
FontType:Invalid
OutlineFileName:C:\AppServ\www\cctvproj\Font\cordiai.z
FileModTime:1288756634
%EndFont

%BeginFont
Handler:DirectoryHandler
FontType:Invalid
OutlineFileName:C:\AppServ\www\cctvproj\Font\cordiaz.php
FileModTime:1288756642
%EndFont

%BeginFont
Handler:DirectoryHandler
FontType:Invalid
OutlineFileName:C:\AppServ\www\cctvproj\Font\cordiaz.z
FileModTime:1288756623
%EndFont

%BeginFont
Handler:DirectoryHandler
FontType:Invalid
OutlineFileName:C:\AppServ\www\cctvproj\Font\courier.php
FileModTime:1288756627
%EndFont

%BeginFont
Handler:DirectoryHandler
FontType:Invalid
OutlineFileName:C:\AppServ\www\cctvproj\Font\dill.php
FileModTime:1288756636
%EndFont

%BeginFont
Handler:DirectoryHandler
FontType:Invalid
OutlineFileName:C:\AppServ\www\cctvproj\Font\dill.z
FileModTime:1288756619
%EndFont

%BeginFont
Handler:DirectoryHandler
FontType:Invalid
OutlineFileName:C:\AppServ\www\cctvproj\Font\dillb.php
FileModTime:1288756641
%EndFont

%BeginFont
Handler:DirectoryHandler
FontType:Invalid
OutlineFileName:C:\AppServ\www\cctvproj\Font\dillb.z
FileModTime:1288756640
%EndFont

%BeginFont
Handler:DirectoryHandler
FontType:Invalid
OutlineFileName:C:\AppServ\www\cctvproj\Font\dilli.php
FileModTime:1288756636
%EndFont

%BeginFont
Handler:DirectoryHandler
FontType:Invalid
OutlineFileName:C:\AppServ\www\cctvproj\Font\dilli.z
FileModTime:1288756644
%EndFont

%BeginFont
Handler:DirectoryHandler
FontType:Invalid
OutlineFileName:C:\AppServ\www\cctvproj\Font\dillz.php
FileModTime:1288756639
%EndFont

%BeginFont
Handler:DirectoryHandler
FontType:Invalid
OutlineFileName:C:\AppServ\www\cctvproj\Font\dillz.z
FileModTime:1288756625
%EndFont

%BeginFont
Handler:DirectoryHandler
FontType:Invalid
OutlineFileName:C:\AppServ\www\cctvproj\Font\eucro.php
FileModTime:1288756630
%EndFont

%BeginFont
Handler:DirectoryHandler
FontType:Invalid
OutlineFileName:C:\AppServ\www\cctvproj\Font\eucro.z
FileModTime:1288756646
%EndFont

%BeginFont
Handler:DirectoryHandler
FontType:Invalid
OutlineFileName:C:\AppServ\www\cctvproj\Font\eucrob.php
FileModTime:1288756620
%EndFont

%BeginFont
Handler:DirectoryHandler
FontType:Invalid
OutlineFileName:C:\AppServ\www\cctvproj\Font\eucrob.z
FileModTime:1288756636
%EndFont

%BeginFont
Handler:DirectoryHandler
FontType:Invalid
OutlineFileName:C:\AppServ\www\cctvproj\Font\eucroi.php
FileModTime:1288756621
%EndFont

%BeginFont
Handler:DirectoryHandler
FontType:Invalid
OutlineFileName:C:\AppServ\www\cctvproj\Font\eucroi.z
FileModTime:1288756635
%EndFont

%BeginFont
Handler:DirectoryHandler
FontType:Invalid
OutlineFileName:C:\AppServ\www\cctvproj\Font\eucroz.php
FileModTime:1288756643
%EndFont

%BeginFont
Handler:DirectoryHandler
FontType:Invalid
OutlineFileName:C:\AppServ\www\cctvproj\Font\eucroz.z
FileModTime:1288756625
%EndFont

%BeginFont
Handler:DirectoryHandler
FontType:Invalid
OutlineFileName:C:\AppServ\www\cctvproj\Font\free.php
FileModTime:1288756634
%EndFont

%BeginFont
Handler:DirectoryHandler
FontType:Invalid
OutlineFileName:C:\AppServ\www\cctvproj\Font\free.z
FileModTime:1288756627
%EndFont

%BeginFont
Handler:DirectoryHandler
FontType:Invalid
OutlineFileName:C:\AppServ\www\cctvproj\Font\freeb.php
FileModTime:1288756631
%EndFont

%BeginFont
Handler:DirectoryHandler
FontType:Invalid
OutlineFileName:C:\AppServ\www\cctvproj\Font\freeb.z
FileModTime:1288756628
%EndFont

%BeginFont
Handler:DirectoryHandler
FontType:Invalid
OutlineFileName:C:\AppServ\www\cctvproj\Font\freei.php
FileModTime:1288756646
%EndFont

%BeginFont
Handler:DirectoryHandler
FontType:Invalid
OutlineFileName:C:\AppServ\www\cctvproj\Font\freei.z
FileModTime:1288756647
%EndFont

%BeginFont
Handler:DirectoryHandler
FontType:Invalid
OutlineFileName:C:\AppServ\www\cctvproj\Font\freez.php
FileModTime:1288756643
%EndFont

%BeginFont
Handler:DirectoryHandler
FontType:Invalid
OutlineFileName:C:\AppServ\www\cctvproj\Font\freez.z
FileModTime:1288756642
%EndFont

%BeginFont
Handler:DirectoryHandler
FontType:Invalid
OutlineFileName:C:\AppServ\www\cctvproj\Font\helvetica.php
FileModTime:1288756634
%EndFont

%BeginFont
Handler:DirectoryHandler
FontType:Invalid
OutlineFileName:C:\AppServ\www\cctvproj\Font\helveticab.php
FileModTime:1288756624
%EndFont

%BeginFont
Handler:DirectoryHandler
FontType:Invalid
OutlineFileName:C:\AppServ\www\cctvproj\Font\helveticabi.php
FileModTime:1288756646
%EndFont

%BeginFont
Handler:DirectoryHandler
FontType:Invalid
OutlineFileName:C:\AppServ\www\cctvproj\Font\helveticai.php
FileModTime:1288756642
%EndFont

%BeginFont
Handler:DirectoryHandler
FontType:Invalid
OutlineFileName:C:\AppServ\www\cctvproj\Font\iris.php
FileModTime:1288756638
%EndFont

%BeginFont
Handler:DirectoryHandler
FontType:Invalid
OutlineFileName:C:\AppServ\www\cctvproj\Font\iris.z
FileModTime:1288756633
%EndFont

%BeginFont
Handler:DirectoryHandler
FontType:Invalid
OutlineFileName:C:\AppServ\www\cctvproj\Font\irisb.php
FileModTime:1288756630
%EndFont

%BeginFont
Handler:DirectoryHandler
FontType:Invalid
OutlineFileName:C:\AppServ\www\cctvproj\Font\irisb.z
FileModTime:1288756618
%EndFont

%BeginFont
Handler:DirectoryHandler
FontType:Invalid
OutlineFileName:C:\AppServ\www\cctvproj\Font\irisi.php
FileModTime:1288756646
%EndFont

%BeginFont
Handler:DirectoryHandler
FontType:Invalid
OutlineFileName:C:\AppServ\www\cctvproj\Font\irisi.z
FileModTime:1288756632
%EndFont

%BeginFont
Handler:DirectoryHandler
FontType:Invalid
OutlineFileName:C:\AppServ\www\cctvproj\Font\irisz.php
FileModTime:1288756636
%EndFont

%BeginFont
Handler:DirectoryHandler
FontType:Invalid
OutlineFileName:C:\AppServ\www\cctvproj\Font\irisz.z
FileModTime:1288756638
%EndFont

%BeginFont
Handler:DirectoryHandler
FontType:Invalid
OutlineFileName:C:\AppServ\www\cctvproj\Font\jasm.php
FileModTime:1288756622
%EndFont

%BeginFont
Handler:DirectoryHandler
FontType:Invalid
OutlineFileName:C:\AppServ\www\cctvproj\Font\jasm.z
FileModTime:1288756631
%EndFont

%BeginFont
Handler:DirectoryHandler
FontType:Invalid
OutlineFileName:C:\AppServ\www\cctvproj\Font\jasmb.php
FileModTime:1288756624
%EndFont

%BeginFont
Handler:DirectoryHandler
FontType:Invalid
OutlineFileName:C:\AppServ\www\cctvproj\Font\jasmb.z
FileModTime:1288756644
%EndFont

%BeginFont
Handler:DirectoryHandler
FontType:Invalid
OutlineFileName:C:\AppServ\www\cctvproj\Font\jasmi.php
FileModTime:1288756623
%EndFont

%BeginFont
Handler:DirectoryHandler
FontType:Invalid
OutlineFileName:C:\AppServ\www\cctvproj\Font\jasmi.z
FileModTime:1288756645
%EndFont

%BeginFont
Handler:DirectoryHandler
FontType:Invalid
OutlineFileName:C:\AppServ\www\cctvproj\Font\jasmz.php
FileModTime:1288756645
%EndFont

%BeginFont
Handler:DirectoryHandler
FontType:Invalid
OutlineFileName:C:\AppServ\www\cctvproj\Font\jasmz.z
FileModTime:1288756645
%EndFont

%BeginFont
Handler:DirectoryHandler
FontType:Invalid
OutlineFileName:C:\AppServ\www\cctvproj\Font\kodc.php
FileModTime:1288756641
%EndFont

%BeginFont
Handler:DirectoryHandler
FontType:Invalid
OutlineFileName:C:\AppServ\www\cctvproj\Font\kodc.z
FileModTime:1288756627
%EndFont

%BeginFont
Handler:DirectoryHandler
FontType:Invalid
OutlineFileName:C:\AppServ\www\cctvproj\Font\kodcb.php
FileModTime:1288756637
%EndFont

%BeginFont
Handler:DirectoryHandler
FontType:Invalid
OutlineFileName:C:\AppServ\www\cctvproj\Font\kodcb.z
FileModTime:1288756622
%EndFont

%BeginFont
Handler:DirectoryHandler
FontType:Invalid
OutlineFileName:C:\AppServ\www\cctvproj\Font\kodci.php
FileModTime:1288756645
%EndFont

%BeginFont
Handler:DirectoryHandler
FontType:Invalid
OutlineFileName:C:\AppServ\www\cctvproj\Font\kodci.z
FileModTime:1288756647
%EndFont

%BeginFont
Handler:DirectoryHandler
FontType:Invalid
OutlineFileName:C:\AppServ\www\cctvproj\Font\kodcz.php
FileModTime:1288756642
%EndFont

%BeginFont
Handler:DirectoryHandler
FontType:Invalid
OutlineFileName:C:\AppServ\www\cctvproj\Font\kodcz.z
FileModTime:1288756638
%EndFont

%BeginFont
Handler:DirectoryHandler
FontType:Invalid
OutlineFileName:C:\AppServ\www\cctvproj\Font\kohmu.php
FileModTime:1288756626
%EndFont

%BeginFont
Handler:DirectoryHandler
FontType:Invalid
OutlineFileName:C:\AppServ\www\cctvproj\Font\kohmu.z
FileModTime:1288756635
%EndFont

%BeginFont
Handler:DirectoryHandler
FontType:Invalid
OutlineFileName:C:\AppServ\www\cctvproj\Font\kohmu2.php
FileModTime:1288756634
%EndFont

%BeginFont
Handler:DirectoryHandler
FontType:Invalid
OutlineFileName:C:\AppServ\www\cctvproj\Font\kohmu2.z
FileModTime:1288756637
%EndFont

%BeginFont
Handler:DirectoryHandler
FontType:Invalid
OutlineFileName:C:\AppServ\www\cctvproj\Font\kohmu3.php
FileModTime:1288756641
%EndFont

%BeginFont
Handler:DirectoryHandler
FontType:Invalid
OutlineFileName:C:\AppServ\www\cctvproj\Font\kohmu3.z
FileModTime:1288756623
%EndFont

%BeginFont
Handler:DirectoryHandler
FontType:Invalid
OutlineFileName:C:\AppServ\www\cctvproj\Font\lily.php
FileModTime:1288756636
%EndFont

%BeginFont
Handler:DirectoryHandler
FontType:Invalid
OutlineFileName:C:\AppServ\www\cctvproj\Font\lily.z
FileModTime:1288756619
%EndFont

%BeginFont
Handler:DirectoryHandler
FontType:Invalid
OutlineFileName:C:\AppServ\www\cctvproj\Font\lilyb.php
FileModTime:1288756646
%EndFont

%BeginFont
Handler:DirectoryHandler
FontType:Invalid
OutlineFileName:C:\AppServ\www\cctvproj\Font\lilyb.z
FileModTime:1288756644
%EndFont

%BeginFont
Handler:DirectoryHandler
FontType:Invalid
OutlineFileName:C:\AppServ\www\cctvproj\Font\lilyi.php
FileModTime:1288756625
%EndFont

%BeginFont
Handler:DirectoryHandler
FontType:Invalid
OutlineFileName:C:\AppServ\www\cctvproj\Font\lilyi.z
FileModTime:1288756641
%EndFont

%BeginFont
Handler:DirectoryHandler
FontType:Invalid
OutlineFileName:C:\AppServ\www\cctvproj\Font\lilyz.php
FileModTime:1288756647
%EndFont

%BeginFont
Handler:DirectoryHandler
FontType:Invalid
OutlineFileName:C:\AppServ\www\cctvproj\Font\lilyz.z
FileModTime:1288756635
%EndFont

%BeginFont
Handler:DirectoryHandler
FontType:Invalid
OutlineFileName:C:\AppServ\www\cctvproj\Font\micross.php
FileModTime:1288756638
%EndFont

%BeginFont
Handler:DirectoryHandler
FontType:Invalid
OutlineFileName:C:\AppServ\www\cctvproj\Font\micross.z
FileModTime:1288756644
%EndFont

%BeginFont
Handler:DirectoryHandler
FontType:Invalid
OutlineFileName:C:\AppServ\www\cctvproj\Font\plecara.php
FileModTime:1288756629
%EndFont

%BeginFont
Handler:DirectoryHandler
FontType:Invalid
OutlineFileName:C:\AppServ\www\cctvproj\Font\plecara.z
FileModTime:1288756630
%EndFont

%BeginFont
Handler:DirectoryHandler
FontType:Invalid
OutlineFileName:C:\AppServ\www\cctvproj\Font\plecare.php
FileModTime:1288756628
%EndFont

%BeginFont
Handler:DirectoryHandler
FontType:Invalid
OutlineFileName:C:\AppServ\www\cctvproj\Font\plecare.z
FileModTime:1288756626
%EndFont

%BeginFont
Handler:DirectoryHandler
FontType:Invalid
OutlineFileName:C:\AppServ\www\cctvproj\Font\plecareb.php
FileModTime:1288756642
%EndFont

%BeginFont
Handler:DirectoryHandler
FontType:Invalid
OutlineFileName:C:\AppServ\www\cctvproj\Font\plecareb.z
FileModTime:1288756620
%EndFont

%BeginFont
Handler:DirectoryHandler
FontType:Invalid
OutlineFileName:C:\AppServ\www\cctvproj\Font\plejoy.php
FileModTime:1288756619
%EndFont

%BeginFont
Handler:DirectoryHandler
FontType:Invalid
OutlineFileName:C:\AppServ\www\cctvproj\Font\plejoy.z
FileModTime:1288756633
%EndFont

%BeginFont
Handler:DirectoryHandler
FontType:Invalid
OutlineFileName:C:\AppServ\www\cctvproj\Font\pletom.php
FileModTime:1288756640
%EndFont

%BeginFont
Handler:DirectoryHandler
FontType:Invalid
OutlineFileName:C:\AppServ\www\cctvproj\Font\pletom.z
FileModTime:1288756643
%EndFont

%BeginFont
Handler:DirectoryHandler
FontType:Invalid
OutlineFileName:C:\AppServ\www\cctvproj\Font\pletomb.php
FileModTime:1288756636
%EndFont

%BeginFont
Handler:DirectoryHandler
FontType:Invalid
OutlineFileName:C:\AppServ\www\cctvproj\Font\pletomb.z
FileModTime:1288756640
%EndFont

%BeginFont
Handler:DirectoryHandler
FontType:Invalid
OutlineFileName:C:\AppServ\www\cctvproj\Font\pletomo.php
FileModTime:1288756633
%EndFont

%BeginFont
Handler:DirectoryHandler
FontType:Invalid
OutlineFileName:C:\AppServ\www\cctvproj\Font\pletomo.z
FileModTime:1288756643
%EndFont

%BeginFont
Handler:DirectoryHandler
FontType:Invalid
OutlineFileName:C:\AppServ\www\cctvproj\Font\pletomw.php
FileModTime:1288756642
%EndFont

%BeginFont
Handler:DirectoryHandler
FontType:Invalid
OutlineFileName:C:\AppServ\www\cctvproj\Font\pletomw.z
FileModTime:1288756626
%EndFont

%BeginFont
Handler:DirectoryHandler
FontType:Invalid
OutlineFileName:C:\AppServ\www\cctvproj\Font\symbol.php
FileModTime:1288756634
%EndFont

%BeginFont
Handler:DirectoryHandler
FontType:Invalid
OutlineFileName:C:\AppServ\www\cctvproj\Font\tahoma.php
FileModTime:1288756617
%EndFont

%BeginFont
Handler:DirectoryHandler
FontType:Invalid
OutlineFileName:C:\AppServ\www\cctvproj\Font\tahoma.z
FileModTime:1288756641
%EndFont

%BeginFont
Handler:DirectoryHandler
FontType:Invalid
OutlineFileName:C:\AppServ\www\cctvproj\Font\tahomab.php
FileModTime:1288756619
%EndFont

%BeginFont
Handler:DirectoryHandler
FontType:Invalid
OutlineFileName:C:\AppServ\www\cctvproj\Font\tahomab.z
FileModTime:1288756624
%EndFont

%BeginFont
Handler:DirectoryHandler
FontType:Invalid
OutlineFileName:C:\AppServ\www\cctvproj\Font\times.php
FileModTime:1288756646
%EndFont

%BeginFont
Handler:DirectoryHandler
FontType:Invalid
OutlineFileName:C:\AppServ\www\cctvproj\Font\timesb.php
FileModTime:1288756643
%EndFont

%BeginFont
Handler:DirectoryHandler
FontType:Invalid
OutlineFileName:C:\AppServ\www\cctvproj\Font\timesbi.php
FileModTime:1288756628
%EndFont

%BeginFont
Handler:DirectoryHandler
FontType:Invalid
OutlineFileName:C:\AppServ\www\cctvproj\Font\timesi.php
FileModTime:1288756637
%EndFont

%BeginFont
Handler:DirectoryHandler
FontType:Invalid
OutlineFileName:C:\AppServ\www\cctvproj\Font\zapfdingbats.php
FileModTime:1288756647
%EndFont

